logs/pivot_wd20k_1xh100_seed42.txt
val_bpb:enabled tokenizer_kind=sentencepiece tokenizer_path=/workspace/parameter-golf/data/tokenizers/fineweb_1024_bpe.model
train_loader:dataset:fineweb10B_sp1024 train_shards:10
val_loader:shards pattern=/workspace/parameter-golf/data/datasets/fineweb10B_sp1024/fineweb_val_*.bin tokens:62021632
model_params:18897488
world_size:1 grad_accum_steps:8
sdp_backends:cudnn=False flash=True mem_efficient=False math=False
attention_mode:gqa num_heads:8 num_kv_heads:4
tie_embeddings:True embed_lr:0.1 head_lr:0.0 matrix_lr:0.04 scalar_lr:0.04
train_batch_tokens:65536 train_seq_len:1024 iterations:20000 warmup_steps:20 max_wallclock_seconds:600.000
seed:42
warmup_step:1/20
warmup_step:2/20
warmup_step:3/20
warmup_step:4/20
warmup_step:5/20
warmup_step:6/20
warmup_step:7/20
warmup_step:8/20
warmup_step:9/20
warmup_step:10/20
warmup_step:11/20
warmup_step:12/20
warmup_step:13/20
warmup_step:14/20
warmup_step:15/20
warmup_step:16/20
warmup_step:17/20
warmup_step:18/20
warmup_step:19/20
warmup_step:20/20
step:1/20000 train_loss:6.9323 train_time:110ms step_avg:110.27ms
step:2/20000 train_loss:24.1016 train_time:211ms step_avg:105.60ms
step:3/20000 train_loss:19.4037 train_time:312ms step_avg:103.95ms
step:4/20000 train_loss:14.0057 train_time:412ms step_avg:103.05ms
step:5/20000 train_loss:9.7250 train_time:513ms step_avg:102.55ms
step:6/20000 train_loss:7.3399 train_time:614ms step_avg:102.31ms
step:7/20000 train_loss:6.3548 train_time:715ms step_avg:102.11ms
step:8/20000 train_loss:6.0751 train_time:815ms step_avg:101.88ms
step:9/20000 train_loss:6.0370 train_time:915ms step_avg:101.67ms
step:10/20000 train_loss:6.0596 train_time:1015ms step_avg:101.53ms
step:200/20000 train_loss:3.4852 train_time:20089ms step_avg:100.44ms
step:400/20000 train_loss:2.8979 train_time:40173ms step_avg:100.43ms
step:600/20000 train_loss:2.7532 train_time:60262ms step_avg:100.44ms
step:800/20000 train_loss:2.6344 train_time:80331ms step_avg:100.41ms
step:1000/20000 train_loss:2.6802 train_time:100397ms step_avg:100.40ms
step:1200/20000 train_loss:2.6375 train_time:120482ms step_avg:100.40ms
step:1400/20000 train_loss:2.2936 train_time:140641ms step_avg:100.46ms
step:1600/20000 train_loss:2.5406 train_time:160790ms step_avg:100.49ms
step:1800/20000 train_loss:2.5422 train_time:180914ms step_avg:100.51ms
step:2000/20000 train_loss:2.4350 train_time:200981ms step_avg:100.49ms
step:2200/20000 train_loss:2.4755 train_time:221061ms step_avg:100.48ms
step:2400/20000 train_loss:2.3555 train_time:241167ms step_avg:100.49ms
step:2600/20000 train_loss:2.4132 train_time:261211ms step_avg:100.47ms
step:2800/20000 train_loss:2.3499 train_time:281263ms step_avg:100.45ms
step:3000/20000 train_loss:2.4304 train_time:301336ms step_avg:100.45ms
step:3200/20000 train_loss:2.2269 train_time:321511ms step_avg:100.47ms
step:3400/20000 train_loss:2.3286 train_time:341632ms step_avg:100.48ms
step:3600/20000 train_loss:2.3713 train_time:361753ms step_avg:100.49ms
step:3800/20000 train_loss:2.3071 train_time:381830ms step_avg:100.48ms
step:4000/20000 train_loss:2.4316 train_time:401984ms step_avg:100.50ms
step:4200/20000 train_loss:2.4369 train_time:422135ms step_avg:100.51ms
step:4400/20000 train_loss:2.3295 train_time:442262ms step_avg:100.51ms
step:4600/20000 train_loss:2.1310 train_time:462406ms step_avg:100.52ms
step:4800/20000 train_loss:2.3061 train_time:482454ms step_avg:100.51ms
step:5000/20000 train_loss:2.3173 train_time:502528ms step_avg:100.51ms
step:5200/20000 train_loss:2.1174 train_time:522549ms step_avg:100.49ms
step:5400/20000 train_loss:2.0682 train_time:542587ms step_avg:100.48ms
step:5600/20000 train_loss:2.3384 train_time:562631ms step_avg:100.47ms
step:5800/20000 train_loss:2.3654 train_time:582652ms step_avg:100.46ms
step:5974/20000 val_loss:2.2285 val_bpb:1.3199 train_time:600094ms step_avg:100.45ms
stopping_early: wallclock_cap train_time:600094ms step:5974/20000
peak memory allocated: 2229 MiB reserved: 2514 MiB
Serialized model: 74573582 bytes
Code size: 55990 bytes
Total submission size: 74629572 bytes
Serialized model int8+zlib: 13385911 bytes (payload:19552576 raw_torch:19601902 payload_ratio:3.81x)
Total submission size int8+zlib: 13441901 bytes
/workspace/parameter-golf/records/track_10min_16mb/2026-03-19_SlidingWindow_FP16Emb_10L_MuonWD_OvertoneInit/train_gpt.py:1254: FutureWarning: You are using `torch.load` with `weights_only=False` (the current default value), which uses the default pickle module implicitly. It is possible to construct malicious pickle data which will execute arbitrary code during unpickling (See https://github.com/pytorch/pytorch/blob/main/SECURITY.md#untrusted-models for more details). In a future release, the default value for `weights_only` will be flipped to `True`. This limits the functions that could be executed during unpickling. Arbitrary objects will no longer be allowed to be loaded via this mode unless they are explicitly allowlisted by the user via `torch.serialization.add_safe_globals`. We recommend you start setting `weights_only=True` for any use case where you don't have full control of the loaded file. Please open an issue on GitHub for any issues related to this experimental feature.
  quant_state = torch.load(io.BytesIO(zlib.decompress(quant_blob_disk)), map_location="cpu")
Compiling forward_logits for sliding window eval (stride=64, seq_len=1024)...
Compilation done, starting sliding window eval...
final_int8_zlib_roundtrip val_loss:2.1742 val_bpb:1.2877 eval_time:272362ms
final_int8_zlib_roundtrip_exact val_loss:2.17419749 val_bpb:1.28768222
